// Jest Snapshot v1, https://goo.gl/fbAQLP

exports[`Incident item is rendered 1`] = `
<div>
  <div>
    <span
      disabled={undefined}
      href={undefined}
      onBlur={[Function]}
      onClick={[Function]}
      onFocus={[Function]}
      onKeyDown={[Function]}
      onKeyUp={[Function]}
      onMouseEnter={[Function]}
      onMouseLeave={[Function]}
      onTouchEnd={[Function]}
      onTouchStart={[Function]}
      onTouchTap={[Function]}
      open={null}
      style={
        Object {
          "WebkitTapHighlightColor": "rgba(0, 0, 0, 0)",
          "background": "none",
          "backgroundColor": null,
          "border": 10,
          "boxSizing": "border-box",
          "color": "rgba(0, 0, 0, 0.87)",
          "cursor": "pointer",
          "display": "block",
          "fontFamily": "Roboto, sans-serif",
          "fontSize": 16,
          "fontWeight": "inherit",
          "lineHeight": "16px",
          "margin": 0,
          "muiPrepared": true,
          "outline": "none",
          "padding": 0,
          "position": "relative",
          "textDecoration": "none",
          "transition": "all 450ms cubic-bezier(0.23, 1, 0.32, 1) 0ms",
          "verticalAlign": null,
          "zIndex": 1,
        }
      }
      tabIndex={0}
    >
      <div
        onMouseDown={[Function]}
        onMouseLeave={[Function]}
        onMouseUp={[Function]}
        onTouchEnd={[Function]}
        onTouchStart={[Function]}
      >
        <div
          style={
            Object {
              "marginLeft": 0,
              "muiPrepared": true,
              "paddingBottom": 16,
              "paddingLeft": 16,
              "paddingRight": 16,
              "paddingTop": 20,
              "position": "relative",
            }
          }
        >
          <div
            style={
              Object {
                "muiPrepared": true,
              }
            }
          >
            1497149501713
          </div>
          <img
            alt=""
            className="activity-item-image"
            src={null}
            style={
              Object {
                "WebkitBoxOrient": null,
                "WebkitLineClamp": null,
                "color": "rgba(0, 0, 0, 0.54)",
                "display": null,
                "fontSize": 14,
                "height": "100%",
                "lineHeight": "16px",
                "margin": 0,
                "marginTop": 4,
                "maxHeight": "450px",
                "maxWidth": "450px",
                "muiPrepared": true,
                "overflow": "hidden",
                "textOverflow": "ellipsis",
                "whiteSpace": "nowrap",
                "width": "100%",
              }
            }
          />
        </div>
      </div>
    </span>
  </div>
</div>
`;
